// __mem.c
800050b4:memset
//800050e4:__fill_mem
8000519c:memcpy

// system.o
// unused:memcmp_as4
// unused:memset_as4
80005634:memcpy_as4
// unused:LZ77Decode
// unused:mtxGetScaleElement
80005654:mtxGetRotationElement
// unused:mtx_set_col_vec
// unused:mtx_set_row_vec
// unused:mtx_col_vec
// unused:mtx_row_vec
// unused:sysOSReport
// unused:sysFrame2MsecFloat
// unused:sysFrame2Msec
8000598c:sysMsec2FrameFloat
800059cc:sysMsec2Frame
800059f4:sysFrame2SecFloat
// unused:sysFrame2Sec
// unused:sysSec2FrameFloat
// unused:sysSec2Frame
80005a00:getV60FPS
80005ad8:sysDummyDraw
80005ce4:sysWaitDrawSync
80005d90:sysGetToken
80005da0:irand
// unused:movePos3
// unused:movePos2
80005de4:movePos
80005e8c:sincosf
80005f04:padGetRumbleStatus
80005f14:padRumbleHardOff
80005f28:padRumbleOff
80005f3c:padRumbleOn
// unused:keyGetTriggerR
// unused:keyGetTriggerL
80005f50:keyGetSubStickY
// unused:keyGetSubStickX
80005f60:keyGetStickY
80005f70:keyGetStickX
80005f80:keyGetButtonTrg
80005f94:keyGetDirTrg
80005fa8:keyGetButtonRep
80005fbc:keyGetDirRep
80005fd0:keyGetButton
80005fe4:keyGetDir
80005ff8:makeKey
800064fc:qqsort
// 80006680:fsort
// unused:intplStringToEnum
80006c8c:intplGetValue
8000703c:angleABf
800071f0:compAngle
8000722c:distABf
80007328:reviseAngle
// unused:roundi
// unused:__assert2
// unused:__assert
80007388:getMarioStDvdRoot

// seq_mapchange.o
// .text
// 80007574:_relUnLoad
800075E0:_load
80007AB4:_unload
80007C2C:seq_mapChangeMain
// 80008724:seq_mapChangeExit
// 8000874C:seq_mapChangeInit
// .data
803C8460:rel_bss
8041E5A8:NextBero
8041E5C8:NextMap
8041E5E8:NextArea

// seq_title.o
// .text
// 80008888:pressStartGX
// 80008D30:disp2
// 80009098:disp1
// 80009224:titleMain
// 80009AE8:L_titleInit
// 80009CCC:N_getDebugMode
// 80009CD8:seq_titleMain
// 80009CF8:seq_titleExit
// 80009D30:seq_titleInit
// 80009D90:DbgBtlSel_GetMsgDataPtr
// .data
80414FA0:seqTitleWorkPointer2

// fadedrv.o
80010d94:fadeIsFinish

// dispdrv.o
// unused:dispGetEntNum
80010864:dispGetCurWork
8001086c:dispCalcZ
80010900:dispDraw
80010b5c:dispSort
// 80010b90:_sort
80010bc4:dispEntry
80010c64:dispReInit
80010c70:dispInit

// seqdrv.o
8002e1e4:seqCheckSeq
8002e200:seqGetNextSeq
8002e208:seqGetPrevSeq
8002e210:seqGetSeq
8002e218:seqSetSeq
8002e228:seqMain
8002e304:seqInit_MARIOSTORY

// memory.o
// unused:smartGetWorkPtr
8002f33c:smartTexObj
8002f378:smartGarbage
8002f540:smartAlloc
8002f878:smartFree
8002f9cc:smartAutoFree
8002fa70:smartReInit
8002fbe0:smartInit
// unused:_mapAllocDump
8002fdc4:_mapFree
8002fe60:_mapAllocTail
8002ff58:_mapAlloc
// 80030048:unk_US_PAL_01_80030048
// 80030078:unk_US_PAL_02_80030078
800300c4:__memFree
800300f0:__memAlloc
80030154:memClear
80030218:memInit

// evtmgr_cmd.o
800304bc:evtSetFloat
80030840:evtGetFloat
80030cfc:evtSetValue
800310fc:evtGetNumber
80031260:evtGetValue

// evtmgr.o
80035a28:evtGetPtrID
80035a88:evtGetPtr
80035ac4:evtStartOther
80035b4c:evtStopOther
80035bd4:evtStartAll
80035c68:evtStopAll
80035cfc:evtStartID
80035d9c:evtStopID
80035e3c:evtStart
80036210:evtStop
800365e4:evtSetType
800365ec:evtSetSpeed
800365fc:evtSetPri
80036604:evtCheckID
80036664:evtDeleteID
80036700:evtDelete
800368d0:evtmgrMain
80036abc:evtRestart
80036c04:evtBrotherEntry
80036eec:evtChildEntry
80037220:evtEntryType
800374ac:evtEntry
// 80037738:evtEntryRunCheck
800377b0:evtmgrReInit
8003781c:evtmgrInit
// 80037934:make_pri_table
80037a60:evtGetWork

// evt_map.o
80037c8c:evt_mapdisp_onoff
80037ccc:evt_map_replace_mapobj
80037da4:evt_map_entry_airport_harbor
80037f40:check2
80037fcc:check
80038058:evt_map_get_flush_color
800380ec:evt_map_set_flush_color
800381b4:evt_map_set_flush_onoff
80038250:evt_map_set_tevcallback
800382b0:evt_mapobj_get_position
8003837c:evt_mapobj_clear_offscreen
800383e0:evt_mapobj_set_offscreen
80038468:evt_mapobj_flag_onoff
80038510:evt_map_set_playrate
80038568:evt_map_replayanim
800385cc:evt_map_pauseanim
80038630:evt_map_checkanim
800386a8:evt_map_playanim
80038724:evt_mapobj_color
80038814:evt_map_blend_set_mobj_flag
800388b0:evt_map_blend_set_flag
80038a88:evt_map_blend_off
80038ac8:evt_map_set_blend
80038b9c:evt_map_fog_onoff
80038bdc:evt_map_get_fog
80038c88:evt_map_set_fog
80038d68:evt_mapobj_scale
80038e38:evt_mapobj_rotate
80038f08:evt_mapobj_trans

// mapdata.o
80038fd8:relSetBtlAddr
80039088:relSetEvtAddr
800391e0:areaDataPtr
80039278:mapDataPtr

// npcdrv.o
80042f38:fbatPreventMarioEventChk
80042f6c:npcCheckBlow
800430ac:npcCalcScore
800431b4:fbatSandersBombTriggerOn
800431c8:npcKoopaModeMobjBoundDeadCheck
80043290:npcKoopaModeEncountCheck
8004340c:npcClearDeadInfo
80043440:npcGetBackItemEntry
// 800434dc:_majinai_effect
// 80043594:_check
80043604:npcExecAllReglEvt
800436c4:npcWaitAllInitEvtEnd
80043798:npcExecAllInitEvt
80043864:dbGetDefData
800438d4:npcSetLink
800438e0:npcSetSlave
800438f4:npcSetBtlSetupWork
80043904:npcGetBtlSetupWork
80043914:npcBlurOff
800439b8:npcBlurOn
80043ad4:npcSetColor
80043b60:npcStartForOneEvent
80043bc8:npcStartForEvent
80043c78:npcStopForOneEvent
80043cd8:npcStopForEvent
80043d80:npcSetBattleInfo
80043e78:npcSetupBattleInfo
800440f8:npcCheckInterrupt
// 8004432c:_npcHitCheckHammerAllMotion
// 800446b4:_npcHitCheckSphere
8004482c:fbatHitCheck
80046604:fbatHitCheckAll
8004662c:fbatNpcTalkCheck
8004668c:npcGroupDead
// 800466d0:_npcGroupDead
// 80046a2c:_npcDead
80046a78:fbatBattleMode
800470dc:fbatTalkMode
8004727c:fbatEncountCheck
// 80047dfc:_fbatFirstAttackAnnouceDisp
80048180:fbatSetAttackAnnounceEnable
80048194:fbatSetAttackAnnounce
8004828c:fbatChangeMode
8004829c:fbatGetPointer
800482a8:npcNearDistCheck
80048418:npcHitCheckSide
80048d30:npcTransRytoFaceDir
80048d6c:npcTuningRy
// 80048d9c:npcMoveG
// 800490cc:npcCheckHitMarioSide
80049644:npcSetStayPose
8004979c:npcSetTalkPose
800498f4:npcSetMarioAutoTalkPose
80049934:npcNameToPtr_NoAssert
800499e0:npcNameToPtr
80049a7c:npcMain
8004b420:npcDeleteGroup
// 8004b464:_npcDeleteGroup
8004b708:npcDelete
8004b828:npcGetTribe
8004b894:npcEntry
8004bae4:npcGetReactionOfLivingBody
8004bafc:npcReset
8004bb70:npcInit
// 8004bc3c:npcDisp_blur
// 8004bf28:npcDisp_offscreen
// 8004c234:npcDisp_offscreen_xlu
// 8004c50c:npcDisp
// 8004c7e0:npcDisp_xlu
// 8004ca80:mtx_setup
8004cd38:npcRecoveryFiledNpc
8004ce58:npcReleaseFiledNpc
8004cf6c:npcGetWorkPtr

// evt_npc.o
8004cf88:evt_npc_release_filednpc
8004cfe8:evt_npc_sound_data_set
8004d0f4:evt_npc_sound_data_reset
// 8004d180:unk_US_PAL_01_8004d180
8004d3cc:evt_fbat_trans_floor_position
8004d514:evt_npc_kamek_kemuri2
8004d614:evt_npc_kamek_kemuri1
8004d6a8:evt_npc_kamek_move_position
// 8004ddc8:_kamek_houki_kemuri
8004decc:evt_npc_calc_score
8004df18:evt_npc_get_kpencount_type
8004df74:evt_npc_majo_disp_off
8004e1ac:evt_npc_majo_disp_on
8004e508:evt_npc_set_autotalkpose
8004e5c0:evt_npc_set_tribe
8004e6c4:evt_npc_set_balloontype
8004e720:evt_npc_wait_msec
8004e7f4:evt_npc_set_unitwork
8004e868:evt_npc_get_unitwork
8004e8d8:evt_npc_getback_item_entry
8004e924:evt_npc_get_drop_coin
// 8004e9b4:_npc_check_coin_group
// 8004ea2c:_npc_check_coin
8004ea40:evt_npc_get_drop_flower
8004eb00:evt_npc_get_drop_heart
8004ebc0:evt_npc_get_drop_item
8004ec34:evt_npc_get_drop_fixitem
8004ec8c:evt_npc_set_link
8004ed0c:evt_npc_set_btlsetup_work
8004ed88:evt_npc_get_btlsetup_work
8004ee00:evt_npc_get_battle_rule_keep_result
8004ee4c:evt_npc_check_escape_battle
8004ee88:evt_npc_get_battle_result
8004eed8:evt_npc_wait_battle_end
8004ef54:evt_npc_battle_start
8004f00c:evt_npc_set_battle_rule
8004f090:evt_npc_set_battle_info
8004f0f4:evt_npc_set_attack_mode
8004f150:evt_npc_check
8004f1b8:evt_npc_blur_onoff
8004f228:evt_npc_set_color
8004f2dc:evt_npc_set_offscreen
8004f35c:evt_npc_change_fbat_mode
8004f390:evt_npc_start_for_one_event
8004f3dc:evt_npc_stop_for_one_event
8004f428:evt_npc_start_for_event
8004f44c:evt_npc_stop_for_event
8004f470:evtNpcNameToPtr_NoAssert
8004f5d8:evtNpcNameToPtr
8004f740:evt_npc_facedirection_add
8004f83c:evt_npc_restart_regular_event
8004f894:evt_npc_get_reglid
8004f8ec:evt_npc_change_interrupt
8004f99c:evt_npc_get_loiter_dir
8004fa88:evt_npc_add_dirdist
8004fb98:evt_set_dir_to_home
8004fc08:evt_set_dir_to_target
8004fc80:evt_get_target_dir
// 8004fcfc:_get_target_dir
8004fdc0:evt_npc_set_camid
8004fe1c:evt_npc_pera_onoff
8004fea0:evt_npc_status_check
8004ff0c:evt_npc_status_onoff
8004ffa8:evt_npc_reaction_flag_onoff
80050044:evt_npc_flag_check
800500b0:evt_npc_flag_onoff
8005014c:evt_npc_wait_anim
800501c8:evt_npc_wait_pera
80050224:evt_npc_set_force_regl_anim
800502a0:evt_npc_clear_paper
800502f8:evt_npc_set_paper_anim
80050364:evt_npc_set_paper
800503dc:evt_npc_set_run_anim
80050458:evt_npc_set_walk_anim
800504d4:evt_npc_set_talk_anim
80050550:evt_npc_set_stay_anim
800505cc:evt_npc_set_stop_anim
80050648:evt_npc_set_confuse_anim
800506c4:evt_npc_set_damage_anim
80050740:evt_npc_set_anim
800507c8:evt_npc_get_dir
8005082c:evt_npc_reverse_ry
8005088c:evt_npc_set_ry_lr
80050988:evt_npc_set_ry
800509ec:_intplGetFloat
80050bcc:evt_npc_homing_target
80051268:evt_npc_return_interrupt
800512bc:evt_npc_glide_position
80051868:evt_npc_jump_position_nohit
80051bcc:evt_npc_jump_position
80052254:evt_npc_move_position
800528e4:evt_npc_set_rotate_offset
80052a30:evt_npc_add_rotate
80052b5c:evt_npc_set_rotate
80052ca8:evt_npc_get_rotate
80052d2c:evt_npc_set_home_position
80052e14:evt_npc_get_home_position
80052e98:evt_npc_get_position
80052f1c:evt_npc_get_scale
80052fa0:evt_npc_set_scale
80053034:evt_npc_get_height
80053090:evt_npc_set_height
800530f4:evt_npc_set_width
80053158:evt_npc_set_position
8005323c:evt_npc_setup
800534c4:evt_npc_get_ReactionOfLivingBody
80053518:evt_npc_check_delete
8005356c:evt_npc_delete
800535b8:evt_npc_slave_entry
800536e4:evt_npc_entry

// mario.o
800561b8:toFrontPose
800566cc:toRearPose
80056be0:marioDisp
8005710c:marioDispBlur
80057290:marioDispBlurSub
80057878:marioPreDisp
80057cfc:marioRearAnime
800583a8:marioMakeDispDir
80058908:marioGetScale
80058928:marioChkInScreen
80058960:marioGetScreenPos
800589e4:marioPaperLightOff
// unused:marioPaperLightOn
80058a10:marioPaperOff
80058a90:marioPaperOn
80058ba8:marioSetPaperAnimeLocalTime
80058c68:marioChgPaper
80058cf0:marioChgPoseTime
80058d84:marioChgPose
80058f9c:toDotMarioPose
80059124:marioChgEvtPose
// 800591b4:unk_JP_US_006_800591b4
800593fc:marioAnimeId
8005942c:marioChkPushAnime
800594a8:marioMoveMain
80059a78:marioMove
8005a634:marioCtrlOff2Main
8005a7e0:marioMain
8005b1d8:marioReInit
8005b5c8:marioInit
8005ba50:marioPoseInit
8005bae8:marioSoundInit
8005bb08:marioOfsRotReset
8005bb78:marioReset
8005bda0:marioResetHitObj
8005bf3c:marioChkSts
8005bfdc:marioBgmodeOff
8005c0a0:marioBgmodeOn
8005c164:marioBgmodeChk
8005c174:marioSetMutekiTime
8005c1c0:marioKeyOn
8005c1f4:marioKeyOff
8005c21c:marioCtrlOn2
8005c25c:marioCtrlOff2
8005c290:marioCtrlOn
8005c2c4:marioCtrlOff
8005c2ec:marioKeyOffChk
8005c2fc:marioCtrlOffChk
8005c30c:marioFBattlePost
8005c3cc:marioFBattlePrepare
// 8005c438:unk_JP_US_007_8005c438
8005c464:marioChkCtrl
8005c47c:marioChkKey
8005c5b8:marioCheckMenuDisable
// 8005ca2c:unk_JP_US_008_8005ca2c
8005ca58:marioCaseEventValidChk
8005ca98:marioItemGetOk
8005caac:marioItemGetChk
8005cae8:marioItemGetDisable
8005cb04:marioEntry
8005cda8:marioSetSpec
8005ce40:marioSetFamicomMode
8005d740:marioSetCharMode
8005e0b0:marioGetColor
8005e0c0:marioGetPtr

// evt_mobj.o
8006b948:evt_mobj_wait_animation_end
8006c03c:evt_mobj_get_position

// evt_eff.o
8006c76c:evt_eff_softdelete
8006d970:evt_eff

// mariost.o
// .text
// unused:gcResetDone
// unused:gcResetCheck
8006eed8:gcRumbleCheck
// unused:gcDvdCheckCancel
// unused:gcDvdCheckInit
8006f1e0:gcDvdCheckThread
8006f404:viPostCallback
8006f7bc:marioStGetSystemLevel
8006f7c8:marioStSystemLevel
8006f8dc:marioStDisp
8006f904:marioStMain
8006fb3c:marioStInit
// .data
80415fd0:g_MarioSt

// fontmgr.o
// unused:JUTFont_Draw
// unused:JUTFont_DrawPos
80074720:_JUTFont_DrawPos
80074bfc:JUTFont_DrawStart
// unused:JUTFont_GetWidth
// unused:JUTFont_GetWidthEntry
80074e90:JUTFont_CodeToGlyph
// unused:JUTFont_Free
80075004:JUTFontSetup
// unused:JUTFont_SetWidth
800752fc:HSV2RGB
80075528:FontGetMessageWidth
8007554c:FontGetMessageWidthLine
8007586c:kanjiGetWidth
800758e4:kanjiSearch
80075904:hankakuSearch
80075928:FontDrawMessageMtx
80075fcc:FontDrawMessage
800766e0:FontDrawStringShake
80076a10:FontDrawStringCenterMtx
// unused:FontDrawStringCenter
80076cdc:FontDrawStringMtx
80077034:FontDrawStringVecPitch
80077368:FontDrawStringPitch
// unused:FontDrawStringVec
800773d0:FontDrawString
80077438:FontDrawCodeMtx
80077594:FontDrawCode
8007773c:FontDrawScaleVec
80077758:FontDrawScale
8007776c:FontGetDrawColor
80077774:FontDrawColor_
800777e0:FontDrawColor
80077844:FontDrawColorIDX
800778b4:FontDrawNoiseOff
800778e0:FontDrawNoise
800779e4:FontDrawRainbowColorOff
80077a08:FontDrawRainbowColor
80077aa8:FontDrawEdgeOff
80077ab4:FontDrawEdge
80077ac0:FontDrawStart_alpha
80077b4c:FontDrawStart
80077bdc:fontmgrTexSetup
80077c08:fontmgrInit

// evt_bero.o
8007a9c0:evt_bero_exec_wait

// windowdrv.o
// 8007AD30:getWakuTexObj
// 8007AD40:windowGetPointer
// 8007AD50:windowCheckID
// 8007AD68:windowDispGX2_Waku_col
8007B44C:windowDispGX_Waku_col
// 8007BAD8:windowDispGX_Message
// 8007BDA8:_windowDispGX_Message
// 8007D994:windowDispGX_System
// 8007E9F0:windowDispGX_Kanban
// 8007F9EC:windowMain
// 8007FA54:windowDeleteID
// 8007FAC0:windowDelete
// 8007FB0C:windowEntry
// 8007FB94:windowReInit
// 8007FBD8:windowTexSetup
// 8007FCF0:unk_JP_US_PAL_012
// 8007FD84:windowInit

// msgdrv.o
// 8007fdf4:selectWindow_Disp
// 8007ff3c:selectWindow_Main
// 80080260:msgWindow_Disp
// 8008093c:msgWindow_Clear_Main
// 80080c20:msgWindow_Main
// 80081424:msgWindow_ForceClose
// 800814f4:msgWindow_Repeat
// 8008156c:msgWindow_Continue
// 800815bc:msgWindow_Add
// 80081630:msgWindow_Delete
// 80081688:msgWindow_Entry
// 80081a1c:msgIconStr2ID
// 80081aa0:msgGetCommand
// 80081b40:_ismbblead
80081b8c:msgSearch
// 80081c6c:msg_compare
// 80081cb4:?msgGetWork
// 80081cbc:msgAnalize
// 80083360:msgDispKeyWait_render
// 800833e0:msgDisp
// 80083f34:msgMain
// 8008465c:msgLoad
// 80084938:msgInit

// database.o
80084f24:setupDataBase
8008558c:setupDataCheck
80085648:setupDataLoad

// seq_logo.o
// 800859f8:progDisp
// unused:arcLoad
// unused:arcPreLoad
// 80085f28:dummy_draw
// 80085fe0:logoDisp
80086d6c:seq_logoMain
8008746c:seq_logoExit
800874b0:seq_logoInit

// evt_cam.o
800a9620:evt_cam_ctrl_onoff

// evt_item.o
800a9f98:evt_item_get_item
800aa400:evt_item_entry

// evt_msg.o
800d2008:evt_msg_toge
800d2460:evt_msg_print_insert
800d284c:evt_msg_print

// mario_pouch.o
// .text
800d3300:pouchEquipCheckBadge
800d35a8:pouchReviseMarioParam
800d3bb8:pouchGetMaxAP
800d3c00:pouchAddAP
800d3c44:pouchGetAP
800d3c50:pouchSetMaxFP
800d3c68:pouchSetFP
800d3c8c:pouchGetMaxFP
800d3c98:pouchGetFP
800d3ce8:pouchSetMaxHP
800d3d00:pouchSetHP
800d3d24:pouchGetMaxHP
800d3d30:pouchGetHP
800d5eb0:pouchGetPtr
// .data
80315380:_party_max_hp_table

// evt_mario.o
800e2e0c:evt_mario_kill_party
800e2e78:evt_mario_goodbye_party
800e3120:evt_mario_set_party_pos
800e6498:evt_mario_normalize
800e7474:evt_mario_key_onoff

// evt_party.o
800eae70:evt_party_run
800eb3f8:evt_party_get_pos
800eb87c:evt_party_set_camid

// evt_pouch.o
800f07d0:evt_pouch_get_yoshiname
800f0a8c:evt_pouch_party_join

// npc_event.o
// .text
// 800f347c:mahoon_get_groupname
// .data
8033efc0:enemy_common_dead_event
8033f230:enemy_event_dead_event_sub
804165f0:enemy_event_dead_event 
80416618:enemy_slave_common_dead_event
8033f2c0:enemy_common_blow_event
8033f2f4:enemy_2d_common_dead_event
8033f970:_2d_dead_rotate_event
8033f9b0:unk_0x8033f9b0
80416638:enemy_common_flag_init_event
80416668:testenemynpc_init_event
80416678:npc_urouro_init_event
8033f9e4:npc_urouro_move_event
8033fa38:npc_urouro_return_event
804166a8:kuriboo_init_event
8033facc:kuriboo_move_event
8033fb68:kuriboo_find_event
8033fc40:kuriboo_lost_event
8033fcbc:kuriboo_return_event
804166b8:patakuri_init_event
8033fd50:patakuri_move_event
8033ffa0:patakuri_find_event
80340108:patakuri_lost_event
80340184:patakuri_return_event
8034042c:nokonoko_shell_return_event
803404f4:nokonoko_init_event
80340564:nokonoko_move_event
8034064c:nokonoko_find_event
803408fc:nokonoko_lost_event
803409b4:nokonoko_return_event
80340a90:togenoko_shell_return_event
80340b58:togenoko_init_event
80340bc8:togenoko_move_event
80340cb0:togenoko_find_event
80340f60:togenoko_lost_event
80341018:togenoko_return_event
804166e8:patapata_init_event
803410f4:patapata_move_event
803412e0:patapata_find_event
803414ec:patapata_lost_event
8034159c:patapata_return_event
803417b8:met_init_event_common
8034180c:met_set_anim_wait_event
803418cc:met_set_anim_walk_event
8034198c:met_init_event
803419d8:met_init_event_ceil
80341a10:togemet_init_event
80341a5c:togemet_init_event_ceil
80341a94:met_move_event
80341b6c:met_find_event
80341fa0:met_lost_event
8034204c:met_return_event
80416718:patamet_init_event
80342118:patamet_move_event
80342374:patamet_find_event
80342524:patamet_lost_event
803425ac:patamet_return_event
80416748:chorobon_init_event
803427e8:chorobon_move_event
80342904:chorobon_find_event
80342a00:chorobon_lost_event
80342a38:chorobon_return_event
80416778:pansy_init_event
80342ae4:pansy_move_event
80342b8c:pansy_find_event
80342c44:pansy_lost_event
80342cd0:pansy_return_event
80416788:twinkling_pansy_init_event
80342d84:twinkling_pansy_move_event
80342e2c:twinkling_pansy_find_event
80342f04:twinkling_pansy_lost_event
80342f90:twinkling_pansy_return_event
80343044:karon_init_event
803430d4:karon_move_event
80416798:karon_dead_event
803431b8:karon_find_event
80343410:karon_lost_event
80343458:karon_return_event
803434ec:karon_blow_event
80343538:honenoko2_init_event
80343580:honenoko2_move_event
80343644:honenoko2_find_event
8034372c:honenoko2_lost_event
803437bc:honenoko2_return_event
80343874:killer_init_event
803438c0:killer_move_event
803439fc:killer_dead_event
80343c6c:killer_cannon_init_event
80343ca0:killer_cannon_move_event
804167bc:sambo_init_event
80343f14:sambo_move_event
80343f6c:sambo_find_event
80343ff0:sambo_lost_event
80344048:sambo_return_event
803440c0:sinnosuke_init_event
80344128:sinnosuke_move_event
8034417c:sinnosuke_find_event
803443c4:sinnosuke_lost_event
80344454:sinnosuke_return_event
803445cc:sinemon_init_event
80344634:sinemon_move_event
8034469c:sinemon_find_event
803448e4:sinemon_lost_event
80344974:sinemon_return_event
804167ec:togedaruma_init_event
80344aec:togedaruma_move_event
80344bb0:togedaruma_find_event
80344ca4:togedaruma_lost_event
80344d3c:togedaruma_return_event
80344dec:barriern_init_event
80344e80:barriern_move_event
80344fe8:barriern2_move_event
80345150:barriern_dead_event
80345194:barriern_find_event
80345488:barriern_lost_event
803454cc:barriern_return_event
80345578:barriern_blow_event
804167fc:piders_init_event
803455e4:piders_move_event
803457a0:piders_find_event
80345ad8:piders_blow_event
80345b0c:pakkun_attack_event 
80345c34:pakkun_init_event
80345cbc:pakkun_move_event
80345d00:pakkun_find_event
80345ea8:pakkun_return_event
80345fec:dokugassun_init_event
80346024:dokugassun_move_event
80346288:dokugassun_find_event
8034639c:dokugassun_lost_event
80346408:dokugassun_return_event
80346680:basabasa_init_event
803466c4:basabasa_move_event
803467e4:basabasa_find_event
803468f8:basabasa_lost_event
80346974:basabasa_return_event
80416820:basabasa_dead_event
80416830:basabasa2_init_event
80346a24:basabasa2_move_event
80346c74:basabasa2_find_event
80346d64:basabasa2_lost_event
80346de0:basabasa2_return_event
80416860:basabasa2_dead_event
80416870:teresa_init_event
80347010:teresa_move_event
803472a4:teresa_find_event
80347394:teresa_lost_event
80347410:teresa_return_event
804168a0:teresa_dead_event
804168b0:bubble_init_event
803475b0:bubble_move_event
8034782c:bubble_find_event
80347928:bubble_lost_event
803479b0:bubble_return_event
804168e0:hbom_init_event
80347c0c:hbom_move_event
80347cb0:hbom_find_event
80347d88:hbom_lost_event
80347e04:hbom_return_event
80347e98:zakowiz_init_event
80347f30:zakowiz_move_event
804168f0:zakowiz_dead_event
80348048:zakowiz_find_event
803482c4:zakowiz_lost_event
8034830c:zakowiz_return_event
803483a0:zakowiz_blow_event
80416914:hannya_init_event
803483ec:hannya_move_event
80348480:hannya_find_event
803485d8:hannya_lost_event
80348634:hannya_return_event
803486a8:mahoon_init_event
80348888:mahoon_move_event
80348c94:mahoon_dead_event
80348cf4:mahoon_find_event
80348fb8:mahoon_lost_event
803491f0:mahoon_return_event
803495dc:kamec_init_event
803496b4:kamec_move_event
80349978:kamec_find_event
80349bd0:kamec_lost_event
80349c4c:kamec_return_event
80416938:kamec_dead_event
80349ea4:kamec_blow_event
80349ef0:kamec2_init_event
80349fc8:kamec2_move_event
8034a0b0:kamec2_find_event
8034a314:kamec2_lost_event
8034a390:kamec2_return_event
8041695c:kamec2_dead_event
8034a424:kamec2_blow_event
8034a470:hbross_init_event
8034a500:hbross_move_event
80416980:hbross_dead_event
8034a5e4:hbross_find_event
8034a818:hbross_lost_event
8034a860:hbross_return_event
8034a8f4:hbross_blow_event
8034a940:wanwan_init_event
8034aa40:wanwan_init_event_sub
8034ab40:wanwan_move_event
8034ad9c:wanwan_find_event
8034af04:kuriboo2D_init_event
8034af5c:kuriboo2D_move_event
8034b07c:kuriboo2D_find_event
8034b194:zako2D_init_event
8034b200:zako2D_move_event
8034b5d0:zako2D_find_event
8034b6f8:dokan2D_init_event
8034b744:dokan2D_regl_event
8034b804:fall2D_init_event
8034b850:fall2D_regl_event
8034b8d8:zakoM2D_init_event
8034b96c:zakoM2D_move_event
8034bae8:zakoM2D_find_event
8034bdb4:unk_0x8034bdb4
804169a4:zakoM2D_dead_event
8034bf14:gesso2D_init_event
8034bf9c:gesso2D_move_event

// battle.o
// .text
800f88cc:BattleGetUnitPtr
// 800f8f04:BattleInit
// .data
8041eb90:g_BattleWork

// battle_event_cmd.o
801054e8:btlevtcmd_WeaponAftereffect
8010af58:btlevtcmd_ConsumeItem
8010b3d4:btlevtcmd_GetConsumeItem

// battle_sub.o
801253ec:BattleTransID

// mario_party.o
801410e8:marioGetParty

// evt_snd.o
80152450:evt_snd_bgmoff_f
8015249c:evt_snd_bgmoff
80152548:evt_snd_bgmon_f
801525a4:evt_snd_bgmon

// win_party.o
// .text
// 80167848:winPartyInit
// .data
803773d8:g_winPartyDt

// win_main.o
8017ebd4:winGetPtr

// filemgr.o
8018a0e8:fileAsyncf
8018a260:fileFree
8018a61c:fileAllocf

// battle_actrecord.o
8018ef8c:BtlActRec_JudgeRuleKeep
8018f77c:BtlActRec_JudgeTurnRuleKeep

// battle_enemy_item.o
801f8dd0:_check_status_recover_item
801f8fa8:_check_status_support_item
801f9160:_check_status_attack_item
801f9338:_check_attack_item
801f9474:_check_fp_recover_item
801f956c:_check_hp_recover_item
801f9658:BattleEnemyUseItemCheck

// runtime.c
802648BC:_savefpr_14
802648C0:_savefpr_15
802648C4:_savefpr_16
802648C8:_savefpr_17
802648CC:_savefpr_18
802648D0:_savefpr_19
802648D4:_savefpr_20
802648D8:_savefpr_21
802648DC:_savefpr_22
802648E0:_savefpr_23
802648E4:_savefpr_24
802648E8:_savefpr_25
802648EC:_savefpr_26
802648F0:_savefpr_27
802648F4:_savefpr_28
802648F8:_savefpr_29
802648FC:_savefpr_30
80264900:_savefpr_31
80264954:_savegpr_14
80264958:_savegpr_15
8026495C:_savegpr_16
80264960:_savegpr_17
80264964:_savegpr_18
80264968:_savegpr_19
8026496C:_savegpr_20
80264970:_savegpr_21
80264974:_savegpr_22
80264978:_savegpr_23
8026497C:_savegpr_24
80264980:_savegpr_25
80264984:_savegpr_26
80264988:_savegpr_27
8026498C:_savegpr_28
80264990:_savegpr_29
80264994:_savegpr_30
80264998:_savegpr_31

// printf.c
8026a0b8:sprintf
// unused:snprintf
8026a198:vsprintf
// unused:vsnprintf
// unused:vfprintf
8026a210:vprintf
// unused:fprintf
8026a2a8:printf
8026a390:__StringWrite
8026a3fc:__FileWrite
// 8026a454:__pformatter
// 8026abc8:float2str
// 8026b2e4:round_decimal
// 8026b410:double2hex
// 8026b748:longlong2str
// 8026ba5c:long2str
// 8026bcb4:parse_format

// scanf.c
8026c344:sscanf
// 8026c408:__StringRead
// 8026c498:__sformatter
// 8026ce44:parse_format

// string.c
8026d38c:strstr
8026d3f4:strchr
8026d424:strncmp
8026d464:strcmp
8026d58c:strcat
8026d5b8:strncpy
8026d5fc:strcpy
8026d6b4:strlen

// os.a
// OSAlloc.c
// text
// 80296400:DLInsert
802964ac:OSAllocFromHeap
802965a8:OSFreeToHeap
80296624:OSSetCurrentHeap
80296634:OSInitAlloc
802966a4:OSCreateHeap
80296710:OSDestroyHeap
// data
8041f070:OSAlloc_HeapArray
8041f074:OSAlloc_NumHeaps

// OSCache.c
// 80296A14:DCEnable
// 80296A28:DCInvalidateRange
80296A54:DCFlushRange
// 80296A84:DCStoreRange
// 80296AB4:DCFlushRangeNoSync
// 80296AE0:DCStoreRangeNoSync
// unused:DCZeroRange
80296B0C:ICInvalidateRange
// 80296B40:ICFlashInvalidate
// 80296B50:ICEnable
// unused:__LCEnable
// unused:LCEnable
// 80296B64:LCDisable
// unused:LCStoreBlocks
// unused:LCStoreData
// unused:LCQueueWait
// 80296B8C:L2GlobalInvalidate
// 80296C24:DMAErrorHandler
// 80296D84:__OSCacheInit

// OSLink.c
8029A340:OSNotifyLink
8029A344:OSNotifyUnlink
8029A348:Relocate
8029A604:Link
8029A8E4:OSLink
8029A908:Undo
8029AB40:OSUnlink
8029AD14:__OSModuleInit

// si.a
802bd7b8:SIBusy
802bd7d8:SIIsChanBusy
802bd814:CompleteTransfer
802bdb10:SIInterruptHandler
802bde54:SIEnablePollingInterrupt
802bdeec:SIRegisterPollingHandler
802bdfb8:SIUnregisterPollingHandler
802be0ac:SIInit
802be160:__SITransfer
802be36c:SIGetStatus
802be3e8:SISetCommand
802be3fc:SITransferCommands
802be40c:SISetXY
802be478:SIEnablePolling
802be514:SIDisablePolling
802be580:SIGetResponseRaw
802be654:SIGetResponse
802be718:AlarmHandler
802be7a4:SITransfer
802be910:GetTypeCallback
802beba8:SIGetType
802bed6c:SIGetTypeAsync
802beea8:SIDecodeType
802beff4:SIProbe
802bf018:SISetSamplingRate
802bf0fc:SIRefreshSamplingRate

// item_data.o
// .data
803108a8:itemDataTable

// npc_data.o
// .data
803316d0:npcTribe
80338270:npc_ai_type_table
80416580:npc_define_territory_type

// battle_item_data.o
// .data
80364998:_return_home_event
80364a48:ItemEvent_Automatic_Target
80364ae0:ItemEvent_Recovery_Core_Effect
80364cd4:ItemEvent_Recovery_Core
80364d2c:ItemEvent_Recovery
80364f20:ItemEvent_Support_Sub_UseDeclere
80365078:ItemEvent_GetTarget
80365188:ItemEvent_Support_Sub_Effect
803652a4:ItemEvent_Support_NoEffect
803652f4:ItemEvent_Support_RefreshEffect
80365c08:ItemEvent_Pow_Block
80366350:ItemEvent_Fire_Flower_Core
80366650:ItemEvent_Fire_Flower
8036678c:ItemEvent_Kaminari_Core
80366afc:ItemEvent_Kaminari
80366dc8:ItemEvent_Kirakira_Otoshi_Core
803674d4:ItemEvent_Kirakira_Otoshi
80367608:ItemEvent_Koorino_Ibuki
80367ba0:ItemEvent_Yurayura_Jishin
803681b8:ItemEvent_Teresano_Fuku
80368628:ItemEvent_Biribiri_Kinoko_Core
8036865c:ItemEvent_Biribiri_Kinoko
80368754:ItemEvent_Teki_Yokeeru_Core
80368788:ItemEvent_Teki_Yokeeru
80368940:ItemEvent_Nemure_Yoikoyo
80368b6c:ItemEvent_Stop_Watch_Core
80368da8:ItemEvent_Stop_Watch
80368fc0:ItemEvent_Guruguru_Memawashi
8036928c:ItemEvent_Suitooru
803697b0:ItemEvent_Teki_Kyouka
80369e60:ItemEvent_Jiwajiwa_Kinoko_Core
80369e94:ItemEvent_Jiwajiwa_Kinoko
80369f8c:ItemEvent_Jiwajiwa_Syrup_Core
80369fc0:ItemEvent_Jiwajiwa_Syrup
8036a0b8:ItemEvent_Irekaeeru
8036a3ec:ItemEvent_Attiike_Shisshi
8036a748:ItemEvent_Naniga_Okorukana
8036acfc:ItemEvent_RecoveryAndStatus
8036bf14:ItemEvent_ThrowAttack
8036c8d4:ItemEvent_Poison_Kinoko
8036caec:ItemEvent_LastDinner
80416e38:ItemEvent_Kaminari_Dokkan
80416e54:ItemEvent_Kaminari_Gorogoro
80416e70:ItemEvent_Madowaseno_Kona
80416e8c:ItemEvent_Dekadeka_Drink
80416ea8:ItemEvent_Katikati_Koura
80416ec4:ItemEvent_Minimini_Kun
80416ee0:ItemEvent_Funyafunya_Kun
80416efc:ItemEvent_Sukkiri_Drink
80416f18:ItemEvent_Shikaeshino_Kona
80416f34:ItemEvent_Kameno_Noroi
8036ab44:mystery_item_table
80365488:ItemWeaponData_CookingItem
80365548:ItemWeaponData_Kinoko
80365608:ItemWeaponData_Kinkyuu_Kinoko
803656c8:ItemWeaponData_Super_Kinoko
80365788:ItemWeaponData_Ultra_Kinoko
80365848:ItemWeaponData_Sinabita_Kinoko
80365908:ItemWeaponData_Honey_Syrup
803659c8:ItemWeaponData_Maple_Syrup
80365a88:ItemWeaponData_Royal_Jelly
80365b48:ItemWeaponData_Tankobu
80366290:ItemWeaponData_Pow_Block
803666cc:ItemWeaponData_Fire_Flower
80366c48:ItemWeaponData_Kaminari_Dokkan
80366d08:ItemWeaponData_Kaminari_Gorogoro
80367548:ItemWeaponData_Kirakira_Otoshi
80367ae0:ItemWeaponData_Koorino_Ibuki
803680f8:ItemWeaponData_Yurayura_Jishin
80368568:ItemWeaponData_Teresano_Fuku
80368694:ItemWeaponData_Biribiri_Kinoko
803687c0:ItemWeaponData_Teki_Yokeeru
80368880:ItemWeaponData_Madowaseno_Kona
80368aac:ItemWeaponData_Nemure_Yoikoyo
80368f00:ItemWeaponData_Stop_Watch
8036904c:ItemWeaponData_Guruguru_Memawashi
8036910c:ItemWeaponData_Dekadeka_Drink
803691cc:ItemWeaponData_Katikati_Koura
803696f0:ItemWeaponData_Suitooru
80369b60:ItemWeaponData_Teki_Kyouka
80369c20:ItemWeaponData_Minimini_Kun
80369ce0:ItemWeaponData_Funyafunya_Kun
80369da0:ItemWeaponData_Sukkiri_Drink
80369ecc:ItemWeaponData_Jiwajiwa_Kinoko
80369ff8:ItemWeaponData_Jiwajiwa_Syrup
8036a32c:ItemWeaponData_Irekaeeru
8036a688:ItemWeaponData_Attiike_Shisshi
8036aa84:ItemWeaponData_Naniga_Okorukana
8036ab7c:ItemWeaponData_Shikaeshino_Kona
8036ac3c:ItemWeaponData_Kameno_Noroi
8036b0d4:ItemWeaponData_SpaceFood
8036b194:ItemWeaponData_IceCandy
8036b254:ItemWeaponData_NancyFrappe
8036b314:ItemWeaponData_SnowRabbit
8036b3d4:ItemWeaponData_TeaKinoko
8036b494:ItemWeaponData_FirstLovePuddingBiribiri
8036b554:ItemWeaponData_FirstLovePuddingTrans
8036b614:ItemWeaponData_FirstLovePuddingSleep
8036b6d4:ItemWeaponData_StarryDinner
8036b794:ItemWeaponData_KararinaPasta
8036b854:ItemWeaponData_MeromeroCake
8036b914:ItemWeaponData_PeachTaltBiribiri
8036b9d4:ItemWeaponData_PeachTaltDodge
8036ba94:ItemWeaponData_PeachTaltSleep
8036bb54:ItemWeaponData_BiribiriCandy
8036bc14:ItemWeaponData_HealthySalad
8036bcd4:ItemWeaponData_FreshJuice
8036bd94:ItemWeaponData_RedKararing
8036be54:ItemWeaponData_FutarideForever
8036c5d4:ItemWeaponData_NancyDynamite
8036c694:ItemWeaponData_CoconutsBomb
8036c754:ItemWeaponData_KachikachiDish
8036c814:ItemWeaponData_BomberEgg
8036ca2c:ItemWeaponData_PoisonKinoko
8036ce7c:ItemWeaponData_LastDinner

// battle_database_common.o
// .data
804176f0:battle_item_NONE
8036ee88:battle_item_gundan_zako
8036eed8:battle_item_gundan_zako_magician
8036ef28:battle_item_gundan_zako_elite
8036ef78:battle_item_hinnya
8036efc8:battle_item_hannya
8036f018:battle_item_hennya
8036f068:battle_item_kuriboo
8036f0b8:battle_item_togekuri
8036f108:battle_item_patakuri
8036f158:battle_item_hyper_kuriboo
8036f1a8:battle_item_hyper_togekuri
8036f1f8:battle_item_hyper_patakuri
8036f248:battle_item_yami_kuriboo
8036f298:battle_item_yami_togekuri
8036f2e8:battle_item_yami_patakuri
8036f338:battle_item_nokonoko
8036f388:battle_item_patapata
804176f8:battle_item_nokonoko_fighter
80417700:battle_item_patapata_fighter
8036f3d8:battle_item_yami_noko
8036f428:battle_item_ura_noko
8036f478:battle_item_ura_pata
8036f4c8:battle_item_togenoko
8036f518:battle_item_togenoko_ace
8036f568:battle_item_hammer_bros
80417708:battle_item_boomerang_bros
80417710:battle_item_fire_bros
8036f5b8:battle_item_met
8036f608:battle_item_togemet
8036f658:battle_item_patamet
8036f6a8:battle_item_patatogemet
8036f6f8:battle_item_hyper_togemet
8036f730:battle_item_jyugem
8036f780:battle_item_hyper_jyugem
8036f7d0:battle_item_togezo
8036f810:battle_item_kamec
8036f860:battle_item_chorobon
8036f8a8:battle_item_green_chorobon
8036f8f0:battle_item_flower_chorobon
8036f938:battle_item_honenoko
80417718:battle_item_red_honenoko
8036f980:battle_item_karon
8036f9c8:battle_item_monochrome_kurokumorn
8036fa10:battle_item_kurokumorn
8036fa58:battle_item_bllizard
8036faa0:battle_item_dokugassun
8036fae8:battle_item_pakkun_flower
80417720:battle_item_poison_pakkun
80417748:battle_item_ice_pakkun
80417770:battle_item_monochrome__pakkun
80417798:battle_item_piders
804177b8:battle_item_churantalar
804177e8:battle_item_barriern
804177f0:battle_item_barriern_z
804177f8:battle_item_barriern_custom
8036fb20:battle_item_monochrome_sinemon
8036fb60:battle_item_sinemon
8036fba0:battle_item_hyper_sinnosuke
8036fbd8:battle_item_hyper_sinemon
80417800:battle_item_iron_sinemon
80417808:battle_item_iron_sinemon2
8036fc20:battle_item_basabasa
8036fc70:battle_item_basabasa_chururu
8036fcc0:battle_item_basabasa_green
8036fd10:battle_item_teresa
8036fd60:battle_item_purple_teresa
80417810:battle_item_atmic_teresa
8036fdb0:battle_item_sambo
8036fde8:battle_item_sambo_mummy
80417818:battle_item_killer
80417820:battle_item_super_killer
80417828:battle_item_killer_cannon
80417850:battle_item_super_killer_cannon
8036fe28:battle_item_bomhei
8036fe78:battle_item_heavy_bom
8036fec0:battle_item_giant_bomb
8036ff08:battle_item_borodo
80417878:battle_item_borodo_king
8036ff58:battle_item_badge_borodo
8036ffa8:battle_item_mahorn
8036fff0:battle_item_super_mahorn
80370038:battle_item_mahorn_custom
80370080:battle_item_wanwan
803700b8:battle_item_burst_wanwan
803700f0:battle_item_bubble
80370130:battle_item_hermos
80370170:battle_item_phantom
803701b0:battle_item_pansy
80370200:battle_item_twinkling_pansy
80370250:battle_item_dark_keeper
80417880:battle_item_monban
80417888:battle_item_gold_chorobon
80417890:battle_item_sinnosuke
80417898:battle_item_togedaruma
804178a0:battle_item_yamitogedaruma
804178c8:battle_item_vivian1
804178d0:battle_item_gesso
804178d8:battle_item_gonbaba
804178e0:battle_item_moamoa
804178e8:battle_item_rampell
804178f0:battle_item_faker_mario
804178f8:battle_item_cortez
80417900:battle_item_kurikuri
80417908:battle_item_magnum_battender
80417910:battle_item_macho_gance
80417918:battle_item_champion
80417920:battle_item_kanbu1
80417928:battle_item_zonbaba
80417930:battle_item_default_param_list
803702a0:battle_heart_drop_param_default
803705c0:battle_heart_drop_param_default2
80370890:battle_heart_drop_param_default3
80370b10:battle_heart_drop_param_default4
80370d40:battle_heart_drop_param_default5
80370f20:battle_flower_drop_param_default
803710b0:battle_flower_drop_param_default2
803711f0:battle_flower_drop_param_default3
803712e0:battle_flower_drop_param_default4
80371380:battle_flower_drop_param_default5
